Importing segments and efforts...
Fetching details for segment segment-1...
Creating new segment segment-1
  => Added 1 new segments and 1 new segment efforts